src/app/(dashboard)/utilities/page.tsx(48,7): error TS2322: Type '{ id: any; name: any; }[]' is not assignable to type 'User[]'.
  Type '{ id: any; name: any; }' is missing the following properties from type 'User': email, role, created_at
